package lint

import (
	"context"
	"fmt"
	"net/http"
)

const tracerName = "test"

func MissingSpan(ctx context.Context) { // want "Missing OpenTelemetry span"
	ctx, span := otel.Tracer(tracerName).Start(ctx, "MissingSpan")
	defer span.End()

	fmt.Println("hi")
}

func HTTPHanderMissingSpan(w http.ResponseWriter, r *http.Request) { // want "Missing OpenTelemetry span"
	ctx, span := otel.Tracer(tracerName).Start(r.Context(), "HTTPHanderMissingSpan")
	defer span.End()

	fmt.Fprintf(w, "hi")
}
